Archive member included to satisfy reference by file (symbol)

/usr/lib/gcc/arm-none-eabi/13.2.1/../../../arm-none-eabi/lib/thumb/v7e-m/nofp/libc_nano.a(libc_a-init.o)
                              /usr/lib/gcc/arm-none-eabi/13.2.1/../../../arm-none-eabi/lib/thumb/v7e-m/nofp/crt0.o (__libc_init_array)
/usr/lib/gcc/arm-none-eabi/13.2.1/../../../arm-none-eabi/lib/thumb/v7e-m/nofp/libc_nano.a(libc_a-memset.o)
                              /usr/lib/gcc/arm-none-eabi/13.2.1/../../../arm-none-eabi/lib/thumb/v7e-m/nofp/crt0.o (memset)
/usr/lib/gcc/arm-none-eabi/13.2.1/../../../arm-none-eabi/lib/thumb/v7e-m/nofp/libc_nano.a(libc_a-exit.o)
                              /usr/lib/gcc/arm-none-eabi/13.2.1/../../../arm-none-eabi/lib/thumb/v7e-m/nofp/crt0.o (exit)
/usr/lib/gcc/arm-none-eabi/13.2.1/../../../arm-none-eabi/lib/thumb/v7e-m/nofp/libc_nano.a(libc_a-atexit.o)
                              /usr/lib/gcc/arm-none-eabi/13.2.1/../../../arm-none-eabi/lib/thumb/v7e-m/nofp/crt0.o (atexit)
/usr/lib/gcc/arm-none-eabi/13.2.1/../../../arm-none-eabi/lib/thumb/v7e-m/nofp/libc_nano.a(libc_a-fini.o)
                              /usr/lib/gcc/arm-none-eabi/13.2.1/../../../arm-none-eabi/lib/thumb/v7e-m/nofp/crt0.o (__libc_fini_array)
/usr/lib/gcc/arm-none-eabi/13.2.1/../../../arm-none-eabi/lib/thumb/v7e-m/nofp/libc_nano.a(libc_a-findfp.o)
                              /usr/lib/gcc/arm-none-eabi/13.2.1/../../../arm-none-eabi/lib/thumb/v7e-m/nofp/libc_nano.a(libc_a-exit.o) (__stdio_exit_handler)
/usr/lib/gcc/arm-none-eabi/13.2.1/../../../arm-none-eabi/lib/thumb/v7e-m/nofp/libc_nano.a(libc_a-fflush.o)
                              /usr/lib/gcc/arm-none-eabi/13.2.1/../../../arm-none-eabi/lib/thumb/v7e-m/nofp/libc_nano.a(libc_a-findfp.o) (_fflush_r)
/usr/lib/gcc/arm-none-eabi/13.2.1/../../../arm-none-eabi/lib/thumb/v7e-m/nofp/libc_nano.a(libc_a-mallocr.o)
                              /usr/lib/gcc/arm-none-eabi/13.2.1/../../../arm-none-eabi/lib/thumb/v7e-m/nofp/libc_nano.a(libc_a-findfp.o) (_malloc_r)
/usr/lib/gcc/arm-none-eabi/13.2.1/../../../arm-none-eabi/lib/thumb/v7e-m/nofp/libc_nano.a(libc_a-freer.o)
                              /usr/lib/gcc/arm-none-eabi/13.2.1/../../../arm-none-eabi/lib/thumb/v7e-m/nofp/libc_nano.a(libc_a-fflush.o) (_free_r)
/usr/lib/gcc/arm-none-eabi/13.2.1/../../../arm-none-eabi/lib/thumb/v7e-m/nofp/libc_nano.a(libc_a-fwalk.o)
                              /usr/lib/gcc/arm-none-eabi/13.2.1/../../../arm-none-eabi/lib/thumb/v7e-m/nofp/libc_nano.a(libc_a-findfp.o) (_fwalk_sglue)
/usr/lib/gcc/arm-none-eabi/13.2.1/../../../arm-none-eabi/lib/thumb/v7e-m/nofp/libc_nano.a(libc_a-__atexit.o)
                              /usr/lib/gcc/arm-none-eabi/13.2.1/../../../arm-none-eabi/lib/thumb/v7e-m/nofp/libc_nano.a(libc_a-atexit.o) (__register_exitproc)
/usr/lib/gcc/arm-none-eabi/13.2.1/../../../arm-none-eabi/lib/thumb/v7e-m/nofp/libc_nano.a(libc_a-mlock.o)
                              /usr/lib/gcc/arm-none-eabi/13.2.1/../../../arm-none-eabi/lib/thumb/v7e-m/nofp/libc_nano.a(libc_a-mallocr.o) (__malloc_lock)
/usr/lib/gcc/arm-none-eabi/13.2.1/../../../arm-none-eabi/lib/thumb/v7e-m/nofp/libc_nano.a(libc_a-sbrkr.o)
                              /usr/lib/gcc/arm-none-eabi/13.2.1/../../../arm-none-eabi/lib/thumb/v7e-m/nofp/libc_nano.a(libc_a-mallocr.o) (_sbrk_r)
/usr/lib/gcc/arm-none-eabi/13.2.1/../../../arm-none-eabi/lib/thumb/v7e-m/nofp/libc_nano.a(libc_a-stdio.o)
                              /usr/lib/gcc/arm-none-eabi/13.2.1/../../../arm-none-eabi/lib/thumb/v7e-m/nofp/libc_nano.a(libc_a-findfp.o) (__sread)
/usr/lib/gcc/arm-none-eabi/13.2.1/../../../arm-none-eabi/lib/thumb/v7e-m/nofp/libc_nano.a(libc_a-impure.o)
                              /usr/lib/gcc/arm-none-eabi/13.2.1/../../../arm-none-eabi/lib/thumb/v7e-m/nofp/libc_nano.a(libc_a-fflush.o) (_impure_ptr)
/usr/lib/gcc/arm-none-eabi/13.2.1/../../../arm-none-eabi/lib/thumb/v7e-m/nofp/libc_nano.a(libc_a-closer.o)
                              /usr/lib/gcc/arm-none-eabi/13.2.1/../../../arm-none-eabi/lib/thumb/v7e-m/nofp/libc_nano.a(libc_a-stdio.o) (_close_r)
/usr/lib/gcc/arm-none-eabi/13.2.1/../../../arm-none-eabi/lib/thumb/v7e-m/nofp/libc_nano.a(libc_a-__call_atexit.o)
                              /usr/lib/gcc/arm-none-eabi/13.2.1/../../../arm-none-eabi/lib/thumb/v7e-m/nofp/libc_nano.a(libc_a-__atexit.o) (__call_exitprocs)
/usr/lib/gcc/arm-none-eabi/13.2.1/../../../arm-none-eabi/lib/thumb/v7e-m/nofp/libc_nano.a(libc_a-readr.o)
                              /usr/lib/gcc/arm-none-eabi/13.2.1/../../../arm-none-eabi/lib/thumb/v7e-m/nofp/libc_nano.a(libc_a-stdio.o) (_read_r)
/usr/lib/gcc/arm-none-eabi/13.2.1/../../../arm-none-eabi/lib/thumb/v7e-m/nofp/libc_nano.a(libc_a-reent.o)
                              /usr/lib/gcc/arm-none-eabi/13.2.1/../../../arm-none-eabi/lib/thumb/v7e-m/nofp/libc_nano.a(libc_a-sbrkr.o) (errno)
/usr/lib/gcc/arm-none-eabi/13.2.1/../../../arm-none-eabi/lib/thumb/v7e-m/nofp/libc_nano.a(libc_a-lseekr.o)
                              /usr/lib/gcc/arm-none-eabi/13.2.1/../../../arm-none-eabi/lib/thumb/v7e-m/nofp/libc_nano.a(libc_a-stdio.o) (_lseek_r)
/usr/lib/gcc/arm-none-eabi/13.2.1/../../../arm-none-eabi/lib/thumb/v7e-m/nofp/libc_nano.a(libc_a-writer.o)
                              /usr/lib/gcc/arm-none-eabi/13.2.1/../../../arm-none-eabi/lib/thumb/v7e-m/nofp/libc_nano.a(libc_a-stdio.o) (_write_r)
/usr/lib/gcc/arm-none-eabi/13.2.1/../../../arm-none-eabi/lib/thumb/v7e-m/nofp/libnosys.a(_exit.o)
                              /usr/lib/gcc/arm-none-eabi/13.2.1/../../../arm-none-eabi/lib/thumb/v7e-m/nofp/libc_nano.a(libc_a-exit.o) (_exit)

Discarded input sections

 .text          0x00000000        0x0 /usr/lib/gcc/arm-none-eabi/13.2.1/thumb/v7e-m/nofp/crti.o
 .data          0x00000000        0x0 /usr/lib/gcc/arm-none-eabi/13.2.1/thumb/v7e-m/nofp/crti.o
 .bss           0x00000000        0x0 /usr/lib/gcc/arm-none-eabi/13.2.1/thumb/v7e-m/nofp/crti.o
 .text          0x00000000       0x88 /usr/lib/gcc/arm-none-eabi/13.2.1/thumb/v7e-m/nofp/crtbegin.o
 .data          0x00000000        0x4 /usr/lib/gcc/arm-none-eabi/13.2.1/thumb/v7e-m/nofp/crtbegin.o
 .bss           0x00000000       0x1c /usr/lib/gcc/arm-none-eabi/13.2.1/thumb/v7e-m/nofp/crtbegin.o
 .rodata        0x00000000       0x24 /usr/lib/gcc/arm-none-eabi/13.2.1/thumb/v7e-m/nofp/crtbegin.o
 .init_array    0x00000000        0x4 /usr/lib/gcc/arm-none-eabi/13.2.1/thumb/v7e-m/nofp/crtbegin.o
 .fini_array    0x00000000        0x4 /usr/lib/gcc/arm-none-eabi/13.2.1/thumb/v7e-m/nofp/crtbegin.o
 .eh_frame      0x00000000        0x0 /usr/lib/gcc/arm-none-eabi/13.2.1/thumb/v7e-m/nofp/crtbegin.o
 .tm_clone_table
                0x00000000        0x0 /usr/lib/gcc/arm-none-eabi/13.2.1/thumb/v7e-m/nofp/crtbegin.o
 .comment       0x00000000       0x27 /usr/lib/gcc/arm-none-eabi/13.2.1/thumb/v7e-m/nofp/crtbegin.o
 .ARM.attributes
                0x00000000       0x2e /usr/lib/gcc/arm-none-eabi/13.2.1/thumb/v7e-m/nofp/crtbegin.o
 .text          0x00000000       0x70 /usr/lib/gcc/arm-none-eabi/13.2.1/../../../arm-none-eabi/lib/thumb/v7e-m/nofp/crt0.o
 .data          0x00000000        0x0 /usr/lib/gcc/arm-none-eabi/13.2.1/../../../arm-none-eabi/lib/thumb/v7e-m/nofp/crt0.o
 .bss           0x00000000        0x0 /usr/lib/gcc/arm-none-eabi/13.2.1/../../../arm-none-eabi/lib/thumb/v7e-m/nofp/crt0.o
 .ARM.extab     0x00000000        0x0 /usr/lib/gcc/arm-none-eabi/13.2.1/../../../arm-none-eabi/lib/thumb/v7e-m/nofp/crt0.o
 .ARM.exidx     0x00000000       0x10 /usr/lib/gcc/arm-none-eabi/13.2.1/../../../arm-none-eabi/lib/thumb/v7e-m/nofp/crt0.o
 .debug_line    0x00000000       0x75 /usr/lib/gcc/arm-none-eabi/13.2.1/../../../arm-none-eabi/lib/thumb/v7e-m/nofp/crt0.o
 .debug_line_str
                0x00000000       0x7f /usr/lib/gcc/arm-none-eabi/13.2.1/../../../arm-none-eabi/lib/thumb/v7e-m/nofp/crt0.o
 .debug_info    0x00000000       0x24 /usr/lib/gcc/arm-none-eabi/13.2.1/../../../arm-none-eabi/lib/thumb/v7e-m/nofp/crt0.o
 .debug_abbrev  0x00000000       0x14 /usr/lib/gcc/arm-none-eabi/13.2.1/../../../arm-none-eabi/lib/thumb/v7e-m/nofp/crt0.o
 .debug_aranges
                0x00000000       0x20 /usr/lib/gcc/arm-none-eabi/13.2.1/../../../arm-none-eabi/lib/thumb/v7e-m/nofp/crt0.o
 .debug_str     0x00000000       0x8b /usr/lib/gcc/arm-none-eabi/13.2.1/../../../arm-none-eabi/lib/thumb/v7e-m/nofp/crt0.o
 .ARM.attributes
                0x00000000       0x1c /usr/lib/gcc/arm-none-eabi/13.2.1/../../../arm-none-eabi/lib/thumb/v7e-m/nofp/crt0.o
 .text          0x00000000       0x50 /usr/lib/gcc/arm-none-eabi/13.2.1/../../../arm-none-eabi/lib/thumb/v7e-m/nofp/libc_nano.a(libc_a-init.o)
 .data          0x00000000        0x0 /usr/lib/gcc/arm-none-eabi/13.2.1/../../../arm-none-eabi/lib/thumb/v7e-m/nofp/libc_nano.a(libc_a-init.o)
 .bss           0x00000000        0x0 /usr/lib/gcc/arm-none-eabi/13.2.1/../../../arm-none-eabi/lib/thumb/v7e-m/nofp/libc_nano.a(libc_a-init.o)
 .debug_info    0x00000000      0x10b /usr/lib/gcc/arm-none-eabi/13.2.1/../../../arm-none-eabi/lib/thumb/v7e-m/nofp/libc_nano.a(libc_a-init.o)
 .debug_abbrev  0x00000000       0xc9 /usr/lib/gcc/arm-none-eabi/13.2.1/../../../arm-none-eabi/lib/thumb/v7e-m/nofp/libc_nano.a(libc_a-init.o)
 .debug_loclists
                0x00000000       0x65 /usr/lib/gcc/arm-none-eabi/13.2.1/../../../arm-none-eabi/lib/thumb/v7e-m/nofp/libc_nano.a(libc_a-init.o)
 .debug_aranges
                0x00000000       0x20 /usr/lib/gcc/arm-none-eabi/13.2.1/../../../arm-none-eabi/lib/thumb/v7e-m/nofp/libc_nano.a(libc_a-init.o)
 .debug_line    0x00000000      0x11e /usr/lib/gcc/arm-none-eabi/13.2.1/../../../arm-none-eabi/lib/thumb/v7e-m/nofp/libc_nano.a(libc_a-init.o)
 .debug_str     0x00000000      0x1f4 /usr/lib/gcc/arm-none-eabi/13.2.1/../../../arm-none-eabi/lib/thumb/v7e-m/nofp/libc_nano.a(libc_a-init.o)
 .comment       0x00000000       0x27 /usr/lib/gcc/arm-none-eabi/13.2.1/../../../arm-none-eabi/lib/thumb/v7e-m/nofp/libc_nano.a(libc_a-init.o)
 .debug_frame   0x00000000       0x2c /usr/lib/gcc/arm-none-eabi/13.2.1/../../../arm-none-eabi/lib/thumb/v7e-m/nofp/libc_nano.a(libc_a-init.o)
 .ARM.attributes
                0x00000000       0x2e /usr/lib/gcc/arm-none-eabi/13.2.1/../../../arm-none-eabi/lib/thumb/v7e-m/nofp/libc_nano.a(libc_a-init.o)
 .text          0x00000000       0xa4 /usr/lib/gcc/arm-none-eabi/13.2.1/../../../arm-none-eabi/lib/thumb/v7e-m/nofp/libc_nano.a(libc_a-memset.o)
 .data          0x00000000        0x0 /usr/lib/gcc/arm-none-eabi/13.2.1/../../../arm-none-eabi/lib/thumb/v7e-m/nofp/libc_nano.a(libc_a-memset.o)
 .bss           0x00000000        0x0 /usr/lib/gcc/arm-none-eabi/13.2.1/../../../arm-none-eabi/lib/thumb/v7e-m/nofp/libc_nano.a(libc_a-memset.o)
 .debug_info    0x00000000      0x135 /usr/lib/gcc/arm-none-eabi/13.2.1/../../../arm-none-eabi/lib/thumb/v7e-m/nofp/libc_nano.a(libc_a-memset.o)
 .debug_abbrev  0x00000000       0xb7 /usr/lib/gcc/arm-none-eabi/13.2.1/../../../arm-none-eabi/lib/thumb/v7e-m/nofp/libc_nano.a(libc_a-memset.o)
 .debug_loclists
                0x00000000      0x1c2 /usr/lib/gcc/arm-none-eabi/13.2.1/../../../arm-none-eabi/lib/thumb/v7e-m/nofp/libc_nano.a(libc_a-memset.o)
 .debug_aranges
                0x00000000       0x20 /usr/lib/gcc/arm-none-eabi/13.2.1/../../../arm-none-eabi/lib/thumb/v7e-m/nofp/libc_nano.a(libc_a-memset.o)
 .debug_line    0x00000000      0x1b6 /usr/lib/gcc/arm-none-eabi/13.2.1/../../../arm-none-eabi/lib/thumb/v7e-m/nofp/libc_nano.a(libc_a-memset.o)
 .debug_str     0x00000000      0x1a7 /usr/lib/gcc/arm-none-eabi/13.2.1/../../../arm-none-eabi/lib/thumb/v7e-m/nofp/libc_nano.a(libc_a-memset.o)
 .comment       0x00000000       0x27 /usr/lib/gcc/arm-none-eabi/13.2.1/../../../arm-none-eabi/lib/thumb/v7e-m/nofp/libc_nano.a(libc_a-memset.o)
 .debug_frame   0x00000000       0x2c /usr/lib/gcc/arm-none-eabi/13.2.1/../../../arm-none-eabi/lib/thumb/v7e-m/nofp/libc_nano.a(libc_a-memset.o)
 .ARM.attributes
                0x00000000       0x2e /usr/lib/gcc/arm-none-eabi/13.2.1/../../../arm-none-eabi/lib/thumb/v7e-m/nofp/libc_nano.a(libc_a-memset.o)
 .text          0x00000000       0x24 /usr/lib/gcc/arm-none-eabi/13.2.1/../../../arm-none-eabi/lib/thumb/v7e-m/nofp/libc_nano.a(libc_a-exit.o)
 .data          0x00000000        0x0 /usr/lib/gcc/arm-none-eabi/13.2.1/../../../arm-none-eabi/lib/thumb/v7e-m/nofp/libc_nano.a(libc_a-exit.o)
 .bss           0x00000000        0x0 /usr/lib/gcc/arm-none-eabi/13.2.1/../../../arm-none-eabi/lib/thumb/v7e-m/nofp/libc_nano.a(libc_a-exit.o)
 .debug_info    0x00000000      0x11b /usr/lib/gcc/arm-none-eabi/13.2.1/../../../arm-none-eabi/lib/thumb/v7e-m/nofp/libc_nano.a(libc_a-exit.o)
 .debug_abbrev  0x00000000       0xd8 /usr/lib/gcc/arm-none-eabi/13.2.1/../../../arm-none-eabi/lib/thumb/v7e-m/nofp/libc_nano.a(libc_a-exit.o)
 .debug_loclists
                0x00000000       0x1b /usr/lib/gcc/arm-none-eabi/13.2.1/../../../arm-none-eabi/lib/thumb/v7e-m/nofp/libc_nano.a(libc_a-exit.o)
 .debug_aranges
                0x00000000       0x20 /usr/lib/gcc/arm-none-eabi/13.2.1/../../../arm-none-eabi/lib/thumb/v7e-m/nofp/libc_nano.a(libc_a-exit.o)
 .debug_line    0x00000000      0x12d /usr/lib/gcc/arm-none-eabi/13.2.1/../../../arm-none-eabi/lib/thumb/v7e-m/nofp/libc_nano.a(libc_a-exit.o)
 .debug_str     0x00000000      0x1b9 /usr/lib/gcc/arm-none-eabi/13.2.1/../../../arm-none-eabi/lib/thumb/v7e-m/nofp/libc_nano.a(libc_a-exit.o)
 .comment       0x00000000       0x27 /usr/lib/gcc/arm-none-eabi/13.2.1/../../../arm-none-eabi/lib/thumb/v7e-m/nofp/libc_nano.a(libc_a-exit.o)
 .debug_frame   0x00000000       0x28 /usr/lib/gcc/arm-none-eabi/13.2.1/../../../arm-none-eabi/lib/thumb/v7e-m/nofp/libc_nano.a(libc_a-exit.o)
 .ARM.attributes
                0x00000000       0x2e /usr/lib/gcc/arm-none-eabi/13.2.1/../../../arm-none-eabi/lib/thumb/v7e-m/nofp/libc_nano.a(libc_a-exit.o)
 .text          0x00000000        0xc /usr/lib/gcc/arm-none-eabi/13.2.1/../../../arm-none-eabi/lib/thumb/v7e-m/nofp/libc_nano.a(libc_a-atexit.o)
 .data          0x00000000        0x0 /usr/lib/gcc/arm-none-eabi/13.2.1/../../../arm-none-eabi/lib/thumb/v7e-m/nofp/libc_nano.a(libc_a-atexit.o)
 .bss           0x00000000        0x0 /usr/lib/gcc/arm-none-eabi/13.2.1/../../../arm-none-eabi/lib/thumb/v7e-m/nofp/libc_nano.a(libc_a-atexit.o)
 .debug_info    0x00000000      0x11e /usr/lib/gcc/arm-none-eabi/13.2.1/../../../arm-none-eabi/lib/thumb/v7e-m/nofp/libc_nano.a(libc_a-atexit.o)
 .debug_abbrev  0x00000000       0xc1 /usr/lib/gcc/arm-none-eabi/13.2.1/../../../arm-none-eabi/lib/thumb/v7e-m/nofp/libc_nano.a(libc_a-atexit.o)
 .debug_loclists
                0x00000000       0x2b /usr/lib/gcc/arm-none-eabi/13.2.1/../../../arm-none-eabi/lib/thumb/v7e-m/nofp/libc_nano.a(libc_a-atexit.o)
 .debug_aranges
                0x00000000       0x20 /usr/lib/gcc/arm-none-eabi/13.2.1/../../../arm-none-eabi/lib/thumb/v7e-m/nofp/libc_nano.a(libc_a-atexit.o)
 .debug_line    0x00000000       0xc3 /usr/lib/gcc/arm-none-eabi/13.2.1/../../../arm-none-eabi/lib/thumb/v7e-m/nofp/libc_nano.a(libc_a-atexit.o)
 .debug_str     0x00000000      0x1d0 /usr/lib/gcc/arm-none-eabi/13.2.1/../../../arm-none-eabi/lib/thumb/v7e-m/nofp/libc_nano.a(libc_a-atexit.o)
 .comment       0x00000000       0x27 /usr/lib/gcc/arm-none-eabi/13.2.1/../../../arm-none-eabi/lib/thumb/v7e-m/nofp/libc_nano.a(libc_a-atexit.o)
 .debug_frame   0x00000000       0x20 /usr/lib/gcc/arm-none-eabi/13.2.1/../../../arm-none-eabi/lib/thumb/v7e-m/nofp/libc_nano.a(libc_a-atexit.o)
 .ARM.attributes
                0x00000000       0x2e /usr/lib/gcc/arm-none-eabi/13.2.1/../../../arm-none-eabi/lib/thumb/v7e-m/nofp/libc_nano.a(libc_a-atexit.o)
 .text          0x00000000       0x28 /usr/lib/gcc/arm-none-eabi/13.2.1/../../../arm-none-eabi/lib/thumb/v7e-m/nofp/libc_nano.a(libc_a-fini.o)
 .data          0x00000000        0x0 /usr/lib/gcc/arm-none-eabi/13.2.1/../../../arm-none-eabi/lib/thumb/v7e-m/nofp/libc_nano.a(libc_a-fini.o)
 .bss           0x00000000        0x0 /usr/lib/gcc/arm-none-eabi/13.2.1/../../../arm-none-eabi/lib/thumb/v7e-m/nofp/libc_nano.a(libc_a-fini.o)
 .debug_info    0x00000000       0xf7 /usr/lib/gcc/arm-none-eabi/13.2.1/../../../arm-none-eabi/lib/thumb/v7e-m/nofp/libc_nano.a(libc_a-fini.o)
 .debug_abbrev  0x00000000       0xcc /usr/lib/gcc/arm-none-eabi/13.2.1/../../../arm-none-eabi/lib/thumb/v7e-m/nofp/libc_nano.a(libc_a-fini.o)
 .debug_loclists
                0x00000000       0x42 /usr/lib/gcc/arm-none-eabi/13.2.1/../../../arm-none-eabi/lib/thumb/v7e-m/nofp/libc_nano.a(libc_a-fini.o)
 .debug_aranges
                0x00000000       0x20 /usr/lib/gcc/arm-none-eabi/13.2.1/../../../arm-none-eabi/lib/thumb/v7e-m/nofp/libc_nano.a(libc_a-fini.o)
 .debug_line    0x00000000       0xd2 /usr/lib/gcc/arm-none-eabi/13.2.1/../../../arm-none-eabi/lib/thumb/v7e-m/nofp/libc_nano.a(libc_a-fini.o)
 .debug_str     0x00000000      0x1ca /usr/lib/gcc/arm-none-eabi/13.2.1/../../../arm-none-eabi/lib/thumb/v7e-m/nofp/libc_nano.a(libc_a-fini.o)
 .comment       0x00000000       0x27 /usr/lib/gcc/arm-none-eabi/13.2.1/../../../arm-none-eabi/lib/thumb/v7e-m/nofp/libc_nano.a(libc_a-fini.o)
 .debug_frame   0x00000000       0x34 /usr/lib/gcc/arm-none-eabi/13.2.1/../../../arm-none-eabi/lib/thumb/v7e-m/nofp/libc_nano.a(libc_a-fini.o)
 .ARM.attributes
                0x00000000       0x2e /usr/lib/gcc/arm-none-eabi/13.2.1/../../../arm-none-eabi/lib/thumb/v7e-m/nofp/libc_nano.a(libc_a-fini.o)
 .text          0x00000000      0x224 /usr/lib/gcc/arm-none-eabi/13.2.1/../../../arm-none-eabi/lib/thumb/v7e-m/nofp/libc_nano.a(libc_a-findfp.o)
 .data          0x00000000        0xc /usr/lib/gcc/arm-none-eabi/13.2.1/../../../arm-none-eabi/lib/thumb/v7e-m/nofp/libc_nano.a(libc_a-findfp.o)
 .bss           0x00000000      0x13c /usr/lib/gcc/arm-none-eabi/13.2.1/../../../arm-none-eabi/lib/thumb/v7e-m/nofp/libc_nano.a(libc_a-findfp.o)
 .debug_info    0x00000000      0xe8c /usr/lib/gcc/arm-none-eabi/13.2.1/../../../arm-none-eabi/lib/thumb/v7e-m/nofp/libc_nano.a(libc_a-findfp.o)
 .debug_abbrev  0x00000000      0x408 /usr/lib/gcc/arm-none-eabi/13.2.1/../../../arm-none-eabi/lib/thumb/v7e-m/nofp/libc_nano.a(libc_a-findfp.o)
 .debug_loclists
                0x00000000      0x1d0 /usr/lib/gcc/arm-none-eabi/13.2.1/../../../arm-none-eabi/lib/thumb/v7e-m/nofp/libc_nano.a(libc_a-findfp.o)
 .debug_aranges
                0x00000000       0x20 /usr/lib/gcc/arm-none-eabi/13.2.1/../../../arm-none-eabi/lib/thumb/v7e-m/nofp/libc_nano.a(libc_a-findfp.o)
 .debug_rnglists
                0x00000000       0x77 /usr/lib/gcc/arm-none-eabi/13.2.1/../../../arm-none-eabi/lib/thumb/v7e-m/nofp/libc_nano.a(libc_a-findfp.o)
 .debug_line    0x00000000      0x4fc /usr/lib/gcc/arm-none-eabi/13.2.1/../../../arm-none-eabi/lib/thumb/v7e-m/nofp/libc_nano.a(libc_a-findfp.o)
 .debug_str     0x00000000      0x6b9 /usr/lib/gcc/arm-none-eabi/13.2.1/../../../arm-none-eabi/lib/thumb/v7e-m/nofp/libc_nano.a(libc_a-findfp.o)
 .comment       0x00000000       0x27 /usr/lib/gcc/arm-none-eabi/13.2.1/../../../arm-none-eabi/lib/thumb/v7e-m/nofp/libc_nano.a(libc_a-findfp.o)
 .debug_frame   0x00000000       0xf4 /usr/lib/gcc/arm-none-eabi/13.2.1/../../../arm-none-eabi/lib/thumb/v7e-m/nofp/libc_nano.a(libc_a-findfp.o)
 .ARM.attributes
                0x00000000       0x2e /usr/lib/gcc/arm-none-eabi/13.2.1/../../../arm-none-eabi/lib/thumb/v7e-m/nofp/libc_nano.a(libc_a-findfp.o)
 .text          0x00000000      0x198 /usr/lib/gcc/arm-none-eabi/13.2.1/../../../arm-none-eabi/lib/thumb/v7e-m/nofp/libc_nano.a(libc_a-fflush.o)
 .data          0x00000000        0x0 /usr/lib/gcc/arm-none-eabi/13.2.1/../../../arm-none-eabi/lib/thumb/v7e-m/nofp/libc_nano.a(libc_a-fflush.o)
 .bss           0x00000000        0x0 /usr/lib/gcc/arm-none-eabi/13.2.1/../../../arm-none-eabi/lib/thumb/v7e-m/nofp/libc_nano.a(libc_a-fflush.o)
 .debug_info    0x00000000      0xa30 /usr/lib/gcc/arm-none-eabi/13.2.1/../../../arm-none-eabi/lib/thumb/v7e-m/nofp/libc_nano.a(libc_a-fflush.o)
 .debug_abbrev  0x00000000      0x2e1 /usr/lib/gcc/arm-none-eabi/13.2.1/../../../arm-none-eabi/lib/thumb/v7e-m/nofp/libc_nano.a(libc_a-fflush.o)
 .debug_loclists
                0x00000000      0x2f2 /usr/lib/gcc/arm-none-eabi/13.2.1/../../../arm-none-eabi/lib/thumb/v7e-m/nofp/libc_nano.a(libc_a-fflush.o)
 .debug_aranges
                0x00000000       0x20 /usr/lib/gcc/arm-none-eabi/13.2.1/../../../arm-none-eabi/lib/thumb/v7e-m/nofp/libc_nano.a(libc_a-fflush.o)
 .debug_rnglists
                0x00000000       0x58 /usr/lib/gcc/arm-none-eabi/13.2.1/../../../arm-none-eabi/lib/thumb/v7e-m/nofp/libc_nano.a(libc_a-fflush.o)
 .debug_line    0x00000000      0x44d /usr/lib/gcc/arm-none-eabi/13.2.1/../../../arm-none-eabi/lib/thumb/v7e-m/nofp/libc_nano.a(libc_a-fflush.o)
 .debug_str     0x00000000      0x53d /usr/lib/gcc/arm-none-eabi/13.2.1/../../../arm-none-eabi/lib/thumb/v7e-m/nofp/libc_nano.a(libc_a-fflush.o)
 .comment       0x00000000       0x27 /usr/lib/gcc/arm-none-eabi/13.2.1/../../../arm-none-eabi/lib/thumb/v7e-m/nofp/libc_nano.a(libc_a-fflush.o)
 .debug_frame   0x00000000       0x8c /usr/lib/gcc/arm-none-eabi/13.2.1/../../../arm-none-eabi/lib/thumb/v7e-m/nofp/libc_nano.a(libc_a-fflush.o)
 .ARM.attributes
                0x00000000       0x2e /usr/lib/gcc/arm-none-eabi/13.2.1/../../../arm-none-eabi/lib/thumb/v7e-m/nofp/libc_nano.a(libc_a-fflush.o)
 .text          0x00000000      0x148 /usr/lib/gcc/arm-none-eabi/13.2.1/../../../arm-none-eabi/lib/thumb/v7e-m/nofp/libc_nano.a(libc_a-mallocr.o)
 .data          0x00000000        0x0 /usr/lib/gcc/arm-none-eabi/13.2.1/../../../arm-none-eabi/lib/thumb/v7e-m/nofp/libc_nano.a(libc_a-mallocr.o)
 .bss           0x00000000        0x8 /usr/lib/gcc/arm-none-eabi/13.2.1/../../../arm-none-eabi/lib/thumb/v7e-m/nofp/libc_nano.a(libc_a-mallocr.o)
 .debug_info    0x00000000      0x9b6 /usr/lib/gcc/arm-none-eabi/13.2.1/../../../arm-none-eabi/lib/thumb/v7e-m/nofp/libc_nano.a(libc_a-mallocr.o)
 .debug_abbrev  0x00000000      0x24a /usr/lib/gcc/arm-none-eabi/13.2.1/../../../arm-none-eabi/lib/thumb/v7e-m/nofp/libc_nano.a(libc_a-mallocr.o)
 .debug_loclists
                0x00000000      0x263 /usr/lib/gcc/arm-none-eabi/13.2.1/../../../arm-none-eabi/lib/thumb/v7e-m/nofp/libc_nano.a(libc_a-mallocr.o)
 .debug_aranges
                0x00000000       0x20 /usr/lib/gcc/arm-none-eabi/13.2.1/../../../arm-none-eabi/lib/thumb/v7e-m/nofp/libc_nano.a(libc_a-mallocr.o)
 .debug_rnglists
                0x00000000       0x1e /usr/lib/gcc/arm-none-eabi/13.2.1/../../../arm-none-eabi/lib/thumb/v7e-m/nofp/libc_nano.a(libc_a-mallocr.o)
 .debug_line    0x00000000      0x446 /usr/lib/gcc/arm-none-eabi/13.2.1/../../../arm-none-eabi/lib/thumb/v7e-m/nofp/libc_nano.a(libc_a-mallocr.o)
 .debug_str     0x00000000      0x597 /usr/lib/gcc/arm-none-eabi/13.2.1/../../../arm-none-eabi/lib/thumb/v7e-m/nofp/libc_nano.a(libc_a-mallocr.o)
 .comment       0x00000000       0x27 /usr/lib/gcc/arm-none-eabi/13.2.1/../../../arm-none-eabi/lib/thumb/v7e-m/nofp/libc_nano.a(libc_a-mallocr.o)
 .debug_frame   0x00000000       0x50 /usr/lib/gcc/arm-none-eabi/13.2.1/../../../arm-none-eabi/lib/thumb/v7e-m/nofp/libc_nano.a(libc_a-mallocr.o)
 .ARM.attributes
                0x00000000       0x2e /usr/lib/gcc/arm-none-eabi/13.2.1/../../../arm-none-eabi/lib/thumb/v7e-m/nofp/libc_nano.a(libc_a-mallocr.o)
 .text          0x00000000       0xbc /usr/lib/gcc/arm-none-eabi/13.2.1/../../../arm-none-eabi/lib/thumb/v7e-m/nofp/libc_nano.a(libc_a-freer.o)
 .data          0x00000000        0x0 /usr/lib/gcc/arm-none-eabi/13.2.1/../../../arm-none-eabi/lib/thumb/v7e-m/nofp/libc_nano.a(libc_a-freer.o)
 .bss           0x00000000        0x0 /usr/lib/gcc/arm-none-eabi/13.2.1/../../../arm-none-eabi/lib/thumb/v7e-m/nofp/libc_nano.a(libc_a-freer.o)
 .debug_info    0x00000000      0x87f /usr/lib/gcc/arm-none-eabi/13.2.1/../../../arm-none-eabi/lib/thumb/v7e-m/nofp/libc_nano.a(libc_a-freer.o)
 .debug_abbrev  0x00000000      0x249 /usr/lib/gcc/arm-none-eabi/13.2.1/../../../arm-none-eabi/lib/thumb/v7e-m/nofp/libc_nano.a(libc_a-freer.o)
 .debug_loclists
                0x00000000      0x164 /usr/lib/gcc/arm-none-eabi/13.2.1/../../../arm-none-eabi/lib/thumb/v7e-m/nofp/libc_nano.a(libc_a-freer.o)
 .debug_aranges
                0x00000000       0x20 /usr/lib/gcc/arm-none-eabi/13.2.1/../../../arm-none-eabi/lib/thumb/v7e-m/nofp/libc_nano.a(libc_a-freer.o)
 .debug_rnglists
                0x00000000       0x13 /usr/lib/gcc/arm-none-eabi/13.2.1/../../../arm-none-eabi/lib/thumb/v7e-m/nofp/libc_nano.a(libc_a-freer.o)
 .debug_line    0x00000000      0x2c3 /usr/lib/gcc/arm-none-eabi/13.2.1/../../../arm-none-eabi/lib/thumb/v7e-m/nofp/libc_nano.a(libc_a-freer.o)
 .debug_str     0x00000000      0x536 /usr/lib/gcc/arm-none-eabi/13.2.1/../../../arm-none-eabi/lib/thumb/v7e-m/nofp/libc_nano.a(libc_a-freer.o)
 .comment       0x00000000       0x27 /usr/lib/gcc/arm-none-eabi/13.2.1/../../../arm-none-eabi/lib/thumb/v7e-m/nofp/libc_nano.a(libc_a-freer.o)
 .debug_frame   0x00000000       0x58 /usr/lib/gcc/arm-none-eabi/13.2.1/../../../arm-none-eabi/lib/thumb/v7e-m/nofp/libc_nano.a(libc_a-freer.o)
 .ARM.attributes
                0x00000000       0x2e /usr/lib/gcc/arm-none-eabi/13.2.1/../../../arm-none-eabi/lib/thumb/v7e-m/nofp/libc_nano.a(libc_a-freer.o)
 .text          0x00000000       0x44 /usr/lib/gcc/arm-none-eabi/13.2.1/../../../arm-none-eabi/lib/thumb/v7e-m/nofp/libc_nano.a(libc_a-fwalk.o)
 .data          0x00000000        0x0 /usr/lib/gcc/arm-none-eabi/13.2.1/../../../arm-none-eabi/lib/thumb/v7e-m/nofp/libc_nano.a(libc_a-fwalk.o)
 .bss           0x00000000        0x0 /usr/lib/gcc/arm-none-eabi/13.2.1/../../../arm-none-eabi/lib/thumb/v7e-m/nofp/libc_nano.a(libc_a-fwalk.o)
 .debug_info    0x00000000      0x7c8 /usr/lib/gcc/arm-none-eabi/13.2.1/../../../arm-none-eabi/lib/thumb/v7e-m/nofp/libc_nano.a(libc_a-fwalk.o)
 .debug_abbrev  0x00000000      0x19b /usr/lib/gcc/arm-none-eabi/13.2.1/../../../arm-none-eabi/lib/thumb/v7e-m/nofp/libc_nano.a(libc_a-fwalk.o)
 .debug_loclists
                0x00000000       0x87 /usr/lib/gcc/arm-none-eabi/13.2.1/../../../arm-none-eabi/lib/thumb/v7e-m/nofp/libc_nano.a(libc_a-fwalk.o)
 .debug_aranges
                0x00000000       0x20 /usr/lib/gcc/arm-none-eabi/13.2.1/../../../arm-none-eabi/lib/thumb/v7e-m/nofp/libc_nano.a(libc_a-fwalk.o)
 .debug_line    0x00000000      0x1d1 /usr/lib/gcc/arm-none-eabi/13.2.1/../../../arm-none-eabi/lib/thumb/v7e-m/nofp/libc_nano.a(libc_a-fwalk.o)
 .debug_str     0x00000000      0x4c6 /usr/lib/gcc/arm-none-eabi/13.2.1/../../../arm-none-eabi/lib/thumb/v7e-m/nofp/libc_nano.a(libc_a-fwalk.o)
 .comment       0x00000000       0x27 /usr/lib/gcc/arm-none-eabi/13.2.1/../../../arm-none-eabi/lib/thumb/v7e-m/nofp/libc_nano.a(libc_a-fwalk.o)
 .debug_frame   0x00000000       0x34 /usr/lib/gcc/arm-none-eabi/13.2.1/../../../arm-none-eabi/lib/thumb/v7e-m/nofp/libc_nano.a(libc_a-fwalk.o)
 .ARM.attributes
                0x00000000       0x2e /usr/lib/gcc/arm-none-eabi/13.2.1/../../../arm-none-eabi/lib/thumb/v7e-m/nofp/libc_nano.a(libc_a-fwalk.o)
 .text          0x00000000       0xac /usr/lib/gcc/arm-none-eabi/13.2.1/../../../arm-none-eabi/lib/thumb/v7e-m/nofp/libc_nano.a(libc_a-__atexit.o)
 .data          0x00000000        0x4 /usr/lib/gcc/arm-none-eabi/13.2.1/../../../arm-none-eabi/lib/thumb/v7e-m/nofp/libc_nano.a(libc_a-__atexit.o)
 .bss           0x00000000       0x8c /usr/lib/gcc/arm-none-eabi/13.2.1/../../../arm-none-eabi/lib/thumb/v7e-m/nofp/libc_nano.a(libc_a-__atexit.o)
 .debug_info    0x00000000      0x284 /usr/lib/gcc/arm-none-eabi/13.2.1/../../../arm-none-eabi/lib/thumb/v7e-m/nofp/libc_nano.a(libc_a-__atexit.o)
 .debug_abbrev  0x00000000      0x1d4 /usr/lib/gcc/arm-none-eabi/13.2.1/../../../arm-none-eabi/lib/thumb/v7e-m/nofp/libc_nano.a(libc_a-__atexit.o)
 .debug_loclists
                0x00000000      0x127 /usr/lib/gcc/arm-none-eabi/13.2.1/../../../arm-none-eabi/lib/thumb/v7e-m/nofp/libc_nano.a(libc_a-__atexit.o)
 .debug_aranges
                0x00000000       0x20 /usr/lib/gcc/arm-none-eabi/13.2.1/../../../arm-none-eabi/lib/thumb/v7e-m/nofp/libc_nano.a(libc_a-__atexit.o)
 .debug_line    0x00000000      0x230 /usr/lib/gcc/arm-none-eabi/13.2.1/../../../arm-none-eabi/lib/thumb/v7e-m/nofp/libc_nano.a(libc_a-__atexit.o)
 .debug_str     0x00000000      0x28a /usr/lib/gcc/arm-none-eabi/13.2.1/../../../arm-none-eabi/lib/thumb/v7e-m/nofp/libc_nano.a(libc_a-__atexit.o)
 .comment       0x00000000       0x27 /usr/lib/gcc/arm-none-eabi/13.2.1/../../../arm-none-eabi/lib/thumb/v7e-m/nofp/libc_nano.a(libc_a-__atexit.o)
 .debug_frame   0x00000000       0x38 /usr/lib/gcc/arm-none-eabi/13.2.1/../../../arm-none-eabi/lib/thumb/v7e-m/nofp/libc_nano.a(libc_a-__atexit.o)
 .ARM.attributes
                0x00000000       0x2e /usr/lib/gcc/arm-none-eabi/13.2.1/../../../arm-none-eabi/lib/thumb/v7e-m/nofp/libc_nano.a(libc_a-__atexit.o)
 .text          0x00000000        0x8 /usr/lib/gcc/arm-none-eabi/13.2.1/../../../arm-none-eabi/lib/thumb/v7e-m/nofp/libc_nano.a(libc_a-mlock.o)
 .data          0x00000000        0x0 /usr/lib/gcc/arm-none-eabi/13.2.1/../../../arm-none-eabi/lib/thumb/v7e-m/nofp/libc_nano.a(libc_a-mlock.o)
 .bss           0x00000000        0x0 /usr/lib/gcc/arm-none-eabi/13.2.1/../../../arm-none-eabi/lib/thumb/v7e-m/nofp/libc_nano.a(libc_a-mlock.o)
 .debug_info    0x00000000      0x71c /usr/lib/gcc/arm-none-eabi/13.2.1/../../../arm-none-eabi/lib/thumb/v7e-m/nofp/libc_nano.a(libc_a-mlock.o)
 .debug_abbrev  0x00000000      0x192 /usr/lib/gcc/arm-none-eabi/13.2.1/../../../arm-none-eabi/lib/thumb/v7e-m/nofp/libc_nano.a(libc_a-mlock.o)
 .debug_aranges
                0x00000000       0x20 /usr/lib/gcc/arm-none-eabi/13.2.1/../../../arm-none-eabi/lib/thumb/v7e-m/nofp/libc_nano.a(libc_a-mlock.o)
 .debug_line    0x00000000      0x153 /usr/lib/gcc/arm-none-eabi/13.2.1/../../../arm-none-eabi/lib/thumb/v7e-m/nofp/libc_nano.a(libc_a-mlock.o)
 .debug_str     0x00000000      0x4d4 /usr/lib/gcc/arm-none-eabi/13.2.1/../../../arm-none-eabi/lib/thumb/v7e-m/nofp/libc_nano.a(libc_a-mlock.o)
 .comment       0x00000000       0x27 /usr/lib/gcc/arm-none-eabi/13.2.1/../../../arm-none-eabi/lib/thumb/v7e-m/nofp/libc_nano.a(libc_a-mlock.o)
 .debug_frame   0x00000000       0x30 /usr/lib/gcc/arm-none-eabi/13.2.1/../../../arm-none-eabi/lib/thumb/v7e-m/nofp/libc_nano.a(libc_a-mlock.o)
 .ARM.attributes
                0x00000000       0x2e /usr/lib/gcc/arm-none-eabi/13.2.1/../../../arm-none-eabi/lib/thumb/v7e-m/nofp/libc_nano.a(libc_a-mlock.o)
 .text          0x00000000       0x24 /usr/lib/gcc/arm-none-eabi/13.2.1/../../../arm-none-eabi/lib/thumb/v7e-m/nofp/libc_nano.a(libc_a-sbrkr.o)
 .data          0x00000000        0x0 /usr/lib/gcc/arm-none-eabi/13.2.1/../../../arm-none-eabi/lib/thumb/v7e-m/nofp/libc_nano.a(libc_a-sbrkr.o)
 .bss           0x00000000        0x0 /usr/lib/gcc/arm-none-eabi/13.2.1/../../../arm-none-eabi/lib/thumb/v7e-m/nofp/libc_nano.a(libc_a-sbrkr.o)
 .debug_info    0x00000000      0x778 /usr/lib/gcc/arm-none-eabi/13.2.1/../../../arm-none-eabi/lib/thumb/v7e-m/nofp/libc_nano.a(libc_a-sbrkr.o)
 .debug_abbrev  0x00000000      0x1da /usr/lib/gcc/arm-none-eabi/13.2.1/../../../arm-none-eabi/lib/thumb/v7e-m/nofp/libc_nano.a(libc_a-sbrkr.o)
 .debug_loclists
                0x00000000       0x4b /usr/lib/gcc/arm-none-eabi/13.2.1/../../../arm-none-eabi/lib/thumb/v7e-m/nofp/libc_nano.a(libc_a-sbrkr.o)
 .debug_aranges
                0x00000000       0x20 /usr/lib/gcc/arm-none-eabi/13.2.1/../../../arm-none-eabi/lib/thumb/v7e-m/nofp/libc_nano.a(libc_a-sbrkr.o)
 .debug_line    0x00000000      0x193 /usr/lib/gcc/arm-none-eabi/13.2.1/../../../arm-none-eabi/lib/thumb/v7e-m/nofp/libc_nano.a(libc_a-sbrkr.o)
 .debug_str     0x00000000      0x4bf /usr/lib/gcc/arm-none-eabi/13.2.1/../../../arm-none-eabi/lib/thumb/v7e-m/nofp/libc_nano.a(libc_a-sbrkr.o)
 .comment       0x00000000       0x27 /usr/lib/gcc/arm-none-eabi/13.2.1/../../../arm-none-eabi/lib/thumb/v7e-m/nofp/libc_nano.a(libc_a-sbrkr.o)
 .debug_frame   0x00000000       0x2c /usr/lib/gcc/arm-none-eabi/13.2.1/../../../arm-none-eabi/lib/thumb/v7e-m/nofp/libc_nano.a(libc_a-sbrkr.o)
 .ARM.attributes
                0x00000000       0x2e /usr/lib/gcc/arm-none-eabi/13.2.1/../../../arm-none-eabi/lib/thumb/v7e-m/nofp/libc_nano.a(libc_a-sbrkr.o)
 .text          0x00000000       0x94 /usr/lib/gcc/arm-none-eabi/13.2.1/../../../arm-none-eabi/lib/thumb/v7e-m/nofp/libc_nano.a(libc_a-stdio.o)
 .data          0x00000000        0x0 /usr/lib/gcc/arm-none-eabi/13.2.1/../../../arm-none-eabi/lib/thumb/v7e-m/nofp/libc_nano.a(libc_a-stdio.o)
 .bss           0x00000000        0x0 /usr/lib/gcc/arm-none-eabi/13.2.1/../../../arm-none-eabi/lib/thumb/v7e-m/nofp/libc_nano.a(libc_a-stdio.o)
 .debug_info    0x00000000      0xa80 /usr/lib/gcc/arm-none-eabi/13.2.1/../../../arm-none-eabi/lib/thumb/v7e-m/nofp/libc_nano.a(libc_a-stdio.o)
 .debug_abbrev  0x00000000      0x224 /usr/lib/gcc/arm-none-eabi/13.2.1/../../../arm-none-eabi/lib/thumb/v7e-m/nofp/libc_nano.a(libc_a-stdio.o)
 .debug_loclists
                0x00000000      0x23b /usr/lib/gcc/arm-none-eabi/13.2.1/../../../arm-none-eabi/lib/thumb/v7e-m/nofp/libc_nano.a(libc_a-stdio.o)
 .debug_aranges
                0x00000000       0x20 /usr/lib/gcc/arm-none-eabi/13.2.1/../../../arm-none-eabi/lib/thumb/v7e-m/nofp/libc_nano.a(libc_a-stdio.o)
 .debug_line    0x00000000      0x22b /usr/lib/gcc/arm-none-eabi/13.2.1/../../../arm-none-eabi/lib/thumb/v7e-m/nofp/libc_nano.a(libc_a-stdio.o)
 .debug_str     0x00000000      0x523 /usr/lib/gcc/arm-none-eabi/13.2.1/../../../arm-none-eabi/lib/thumb/v7e-m/nofp/libc_nano.a(libc_a-stdio.o)
 .comment       0x00000000       0x27 /usr/lib/gcc/arm-none-eabi/13.2.1/../../../arm-none-eabi/lib/thumb/v7e-m/nofp/libc_nano.a(libc_a-stdio.o)
 .debug_frame   0x00000000       0x8c /usr/lib/gcc/arm-none-eabi/13.2.1/../../../arm-none-eabi/lib/thumb/v7e-m/nofp/libc_nano.a(libc_a-stdio.o)
 .ARM.attributes
                0x00000000       0x2e /usr/lib/gcc/arm-none-eabi/13.2.1/../../../arm-none-eabi/lib/thumb/v7e-m/nofp/libc_nano.a(libc_a-stdio.o)
 .text          0x00000000        0x0 /usr/lib/gcc/arm-none-eabi/13.2.1/../../../arm-none-eabi/lib/thumb/v7e-m/nofp/libc_nano.a(libc_a-impure.o)
 .data          0x00000000       0x50 /usr/lib/gcc/arm-none-eabi/13.2.1/../../../arm-none-eabi/lib/thumb/v7e-m/nofp/libc_nano.a(libc_a-impure.o)
 .bss           0x00000000        0x0 /usr/lib/gcc/arm-none-eabi/13.2.1/../../../arm-none-eabi/lib/thumb/v7e-m/nofp/libc_nano.a(libc_a-impure.o)
 .debug_info    0x00000000      0x70b /usr/lib/gcc/arm-none-eabi/13.2.1/../../../arm-none-eabi/lib/thumb/v7e-m/nofp/libc_nano.a(libc_a-impure.o)
 .debug_abbrev  0x00000000      0x149 /usr/lib/gcc/arm-none-eabi/13.2.1/../../../arm-none-eabi/lib/thumb/v7e-m/nofp/libc_nano.a(libc_a-impure.o)
 .debug_aranges
                0x00000000       0x18 /usr/lib/gcc/arm-none-eabi/13.2.1/../../../arm-none-eabi/lib/thumb/v7e-m/nofp/libc_nano.a(libc_a-impure.o)
 .debug_line    0x00000000       0xe7 /usr/lib/gcc/arm-none-eabi/13.2.1/../../../arm-none-eabi/lib/thumb/v7e-m/nofp/libc_nano.a(libc_a-impure.o)
 .debug_str     0x00000000      0x4b6 /usr/lib/gcc/arm-none-eabi/13.2.1/../../../arm-none-eabi/lib/thumb/v7e-m/nofp/libc_nano.a(libc_a-impure.o)
 .comment       0x00000000       0x27 /usr/lib/gcc/arm-none-eabi/13.2.1/../../../arm-none-eabi/lib/thumb/v7e-m/nofp/libc_nano.a(libc_a-impure.o)
 .ARM.attributes
                0x00000000       0x2e /usr/lib/gcc/arm-none-eabi/13.2.1/../../../arm-none-eabi/lib/thumb/v7e-m/nofp/libc_nano.a(libc_a-impure.o)
 .text          0x00000000       0x24 /usr/lib/gcc/arm-none-eabi/13.2.1/../../../arm-none-eabi/lib/thumb/v7e-m/nofp/libc_nano.a(libc_a-closer.o)
 .data          0x00000000        0x0 /usr/lib/gcc/arm-none-eabi/13.2.1/../../../arm-none-eabi/lib/thumb/v7e-m/nofp/libc_nano.a(libc_a-closer.o)
 .bss           0x00000000        0x0 /usr/lib/gcc/arm-none-eabi/13.2.1/../../../arm-none-eabi/lib/thumb/v7e-m/nofp/libc_nano.a(libc_a-closer.o)
 .debug_info    0x00000000      0x752 /usr/lib/gcc/arm-none-eabi/13.2.1/../../../arm-none-eabi/lib/thumb/v7e-m/nofp/libc_nano.a(libc_a-closer.o)
 .debug_abbrev  0x00000000      0x1b0 /usr/lib/gcc/arm-none-eabi/13.2.1/../../../arm-none-eabi/lib/thumb/v7e-m/nofp/libc_nano.a(libc_a-closer.o)
 .debug_loclists
                0x00000000       0x4b /usr/lib/gcc/arm-none-eabi/13.2.1/../../../arm-none-eabi/lib/thumb/v7e-m/nofp/libc_nano.a(libc_a-closer.o)
 .debug_aranges
                0x00000000       0x20 /usr/lib/gcc/arm-none-eabi/13.2.1/../../../arm-none-eabi/lib/thumb/v7e-m/nofp/libc_nano.a(libc_a-closer.o)
 .debug_line    0x00000000      0x193 /usr/lib/gcc/arm-none-eabi/13.2.1/../../../arm-none-eabi/lib/thumb/v7e-m/nofp/libc_nano.a(libc_a-closer.o)
 .debug_str     0x00000000      0x4ac /usr/lib/gcc/arm-none-eabi/13.2.1/../../../arm-none-eabi/lib/thumb/v7e-m/nofp/libc_nano.a(libc_a-closer.o)
 .comment       0x00000000       0x27 /usr/lib/gcc/arm-none-eabi/13.2.1/../../../arm-none-eabi/lib/thumb/v7e-m/nofp/libc_nano.a(libc_a-closer.o)
 .debug_frame   0x00000000       0x2c /usr/lib/gcc/arm-none-eabi/13.2.1/../../../arm-none-eabi/lib/thumb/v7e-m/nofp/libc_nano.a(libc_a-closer.o)
 .ARM.attributes
                0x00000000       0x2e /usr/lib/gcc/arm-none-eabi/13.2.1/../../../arm-none-eabi/lib/thumb/v7e-m/nofp/libc_nano.a(libc_a-closer.o)
 .text          0x00000000       0xc4 /usr/lib/gcc/arm-none-eabi/13.2.1/../../../arm-none-eabi/lib/thumb/v7e-m/nofp/libc_nano.a(libc_a-__call_atexit.o)
 .data          0x00000000        0x0 /usr/lib/gcc/arm-none-eabi/13.2.1/../../../arm-none-eabi/lib/thumb/v7e-m/nofp/libc_nano.a(libc_a-__call_atexit.o)
 .bss           0x00000000        0x4 /usr/lib/gcc/arm-none-eabi/13.2.1/../../../arm-none-eabi/lib/thumb/v7e-m/nofp/libc_nano.a(libc_a-__call_atexit.o)
 .debug_info    0x00000000      0x235 /usr/lib/gcc/arm-none-eabi/13.2.1/../../../arm-none-eabi/lib/thumb/v7e-m/nofp/libc_nano.a(libc_a-__call_atexit.o)
 .debug_abbrev  0x00000000      0x179 /usr/lib/gcc/arm-none-eabi/13.2.1/../../../arm-none-eabi/lib/thumb/v7e-m/nofp/libc_nano.a(libc_a-__call_atexit.o)
 .debug_loclists
                0x00000000       0xff /usr/lib/gcc/arm-none-eabi/13.2.1/../../../arm-none-eabi/lib/thumb/v7e-m/nofp/libc_nano.a(libc_a-__call_atexit.o)
 .debug_aranges
                0x00000000       0x20 /usr/lib/gcc/arm-none-eabi/13.2.1/../../../arm-none-eabi/lib/thumb/v7e-m/nofp/libc_nano.a(libc_a-__call_atexit.o)
 .debug_rnglists
                0x00000000       0x2c /usr/lib/gcc/arm-none-eabi/13.2.1/../../../arm-none-eabi/lib/thumb/v7e-m/nofp/libc_nano.a(libc_a-__call_atexit.o)
 .debug_line    0x00000000      0x246 /usr/lib/gcc/arm-none-eabi/13.2.1/../../../arm-none-eabi/lib/thumb/v7e-m/nofp/libc_nano.a(libc_a-__call_atexit.o)
 .debug_str     0x00000000      0x23c /usr/lib/gcc/arm-none-eabi/13.2.1/../../../arm-none-eabi/lib/thumb/v7e-m/nofp/libc_nano.a(libc_a-__call_atexit.o)
 .comment       0x00000000       0x27 /usr/lib/gcc/arm-none-eabi/13.2.1/../../../arm-none-eabi/lib/thumb/v7e-m/nofp/libc_nano.a(libc_a-__call_atexit.o)
 .debug_frame   0x00000000       0x40 /usr/lib/gcc/arm-none-eabi/13.2.1/../../../arm-none-eabi/lib/thumb/v7e-m/nofp/libc_nano.a(libc_a-__call_atexit.o)
 .ARM.attributes
                0x00000000       0x2e /usr/lib/gcc/arm-none-eabi/13.2.1/../../../arm-none-eabi/lib/thumb/v7e-m/nofp/libc_nano.a(libc_a-__call_atexit.o)
 .text          0x00000000       0x2c /usr/lib/gcc/arm-none-eabi/13.2.1/../../../arm-none-eabi/lib/thumb/v7e-m/nofp/libc_nano.a(libc_a-readr.o)
 .data          0x00000000        0x0 /usr/lib/gcc/arm-none-eabi/13.2.1/../../../arm-none-eabi/lib/thumb/v7e-m/nofp/libc_nano.a(libc_a-readr.o)
 .bss           0x00000000        0x0 /usr/lib/gcc/arm-none-eabi/13.2.1/../../../arm-none-eabi/lib/thumb/v7e-m/nofp/libc_nano.a(libc_a-readr.o)
 .debug_info    0x00000000      0x7b5 /usr/lib/gcc/arm-none-eabi/13.2.1/../../../arm-none-eabi/lib/thumb/v7e-m/nofp/libc_nano.a(libc_a-readr.o)
 .debug_abbrev  0x00000000      0x1b0 /usr/lib/gcc/arm-none-eabi/13.2.1/../../../arm-none-eabi/lib/thumb/v7e-m/nofp/libc_nano.a(libc_a-readr.o)
 .debug_loclists
                0x00000000       0x9e /usr/lib/gcc/arm-none-eabi/13.2.1/../../../arm-none-eabi/lib/thumb/v7e-m/nofp/libc_nano.a(libc_a-readr.o)
 .debug_aranges
                0x00000000       0x20 /usr/lib/gcc/arm-none-eabi/13.2.1/../../../arm-none-eabi/lib/thumb/v7e-m/nofp/libc_nano.a(libc_a-readr.o)
 .debug_line    0x00000000      0x198 /usr/lib/gcc/arm-none-eabi/13.2.1/../../../arm-none-eabi/lib/thumb/v7e-m/nofp/libc_nano.a(libc_a-readr.o)
 .debug_str     0x00000000      0x4ba /usr/lib/gcc/arm-none-eabi/13.2.1/../../../arm-none-eabi/lib/thumb/v7e-m/nofp/libc_nano.a(libc_a-readr.o)
 .comment       0x00000000       0x27 /usr/lib/gcc/arm-none-eabi/13.2.1/../../../arm-none-eabi/lib/thumb/v7e-m/nofp/libc_nano.a(libc_a-readr.o)
 .debug_frame   0x00000000       0x2c /usr/lib/gcc/arm-none-eabi/13.2.1/../../../arm-none-eabi/lib/thumb/v7e-m/nofp/libc_nano.a(libc_a-readr.o)
 .ARM.attributes
                0x00000000       0x2e /usr/lib/gcc/arm-none-eabi/13.2.1/../../../arm-none-eabi/lib/thumb/v7e-m/nofp/libc_nano.a(libc_a-readr.o)
 .text          0x00000000       0xd4 /usr/lib/gcc/arm-none-eabi/13.2.1/../../../arm-none-eabi/lib/thumb/v7e-m/nofp/libc_nano.a(libc_a-reent.o)
 .data          0x00000000        0x0 /usr/lib/gcc/arm-none-eabi/13.2.1/../../../arm-none-eabi/lib/thumb/v7e-m/nofp/libc_nano.a(libc_a-reent.o)
 .bss           0x00000000        0x4 /usr/lib/gcc/arm-none-eabi/13.2.1/../../../arm-none-eabi/lib/thumb/v7e-m/nofp/libc_nano.a(libc_a-reent.o)
 .debug_info    0x00000000      0x89f /usr/lib/gcc/arm-none-eabi/13.2.1/../../../arm-none-eabi/lib/thumb/v7e-m/nofp/libc_nano.a(libc_a-reent.o)
 .debug_abbrev  0x00000000      0x1ee /usr/lib/gcc/arm-none-eabi/13.2.1/../../../arm-none-eabi/lib/thumb/v7e-m/nofp/libc_nano.a(libc_a-reent.o)
 .debug_loclists
                0x00000000       0x80 /usr/lib/gcc/arm-none-eabi/13.2.1/../../../arm-none-eabi/lib/thumb/v7e-m/nofp/libc_nano.a(libc_a-reent.o)
 .debug_aranges
                0x00000000       0x20 /usr/lib/gcc/arm-none-eabi/13.2.1/../../../arm-none-eabi/lib/thumb/v7e-m/nofp/libc_nano.a(libc_a-reent.o)
 .debug_line    0x00000000      0x27b /usr/lib/gcc/arm-none-eabi/13.2.1/../../../arm-none-eabi/lib/thumb/v7e-m/nofp/libc_nano.a(libc_a-reent.o)
 .debug_str     0x00000000      0x4d5 /usr/lib/gcc/arm-none-eabi/13.2.1/../../../arm-none-eabi/lib/thumb/v7e-m/nofp/libc_nano.a(libc_a-reent.o)
 .comment       0x00000000       0x27 /usr/lib/gcc/arm-none-eabi/13.2.1/../../../arm-none-eabi/lib/thumb/v7e-m/nofp/libc_nano.a(libc_a-reent.o)
 .debug_frame   0x00000000       0x40 /usr/lib/gcc/arm-none-eabi/13.2.1/../../../arm-none-eabi/lib/thumb/v7e-m/nofp/libc_nano.a(libc_a-reent.o)
 .ARM.attributes
                0x00000000       0x2e /usr/lib/gcc/arm-none-eabi/13.2.1/../../../arm-none-eabi/lib/thumb/v7e-m/nofp/libc_nano.a(libc_a-reent.o)
 .text          0x00000000       0x2c /usr/lib/gcc/arm-none-eabi/13.2.1/../../../arm-none-eabi/lib/thumb/v7e-m/nofp/libc_nano.a(libc_a-lseekr.o)
 .data          0x00000000        0x0 /usr/lib/gcc/arm-none-eabi/13.2.1/../../../arm-none-eabi/lib/thumb/v7e-m/nofp/libc_nano.a(libc_a-lseekr.o)
 .bss           0x00000000        0x0 /usr/lib/gcc/arm-none-eabi/13.2.1/../../../arm-none-eabi/lib/thumb/v7e-m/nofp/libc_nano.a(libc_a-lseekr.o)
 .debug_info    0x00000000      0x79e /usr/lib/gcc/arm-none-eabi/13.2.1/../../../arm-none-eabi/lib/thumb/v7e-m/nofp/libc_nano.a(libc_a-lseekr.o)
 .debug_abbrev  0x00000000      0x1c4 /usr/lib/gcc/arm-none-eabi/13.2.1/../../../arm-none-eabi/lib/thumb/v7e-m/nofp/libc_nano.a(libc_a-lseekr.o)
 .debug_loclists
                0x00000000       0x9e /usr/lib/gcc/arm-none-eabi/13.2.1/../../../arm-none-eabi/lib/thumb/v7e-m/nofp/libc_nano.a(libc_a-lseekr.o)
 .debug_aranges
                0x00000000       0x20 /usr/lib/gcc/arm-none-eabi/13.2.1/../../../arm-none-eabi/lib/thumb/v7e-m/nofp/libc_nano.a(libc_a-lseekr.o)
 .debug_line    0x00000000      0x199 /usr/lib/gcc/arm-none-eabi/13.2.1/../../../arm-none-eabi/lib/thumb/v7e-m/nofp/libc_nano.a(libc_a-lseekr.o)
 .debug_str     0x00000000      0x4ba /usr/lib/gcc/arm-none-eabi/13.2.1/../../../arm-none-eabi/lib/thumb/v7e-m/nofp/libc_nano.a(libc_a-lseekr.o)
 .comment       0x00000000       0x27 /usr/lib/gcc/arm-none-eabi/13.2.1/../../../arm-none-eabi/lib/thumb/v7e-m/nofp/libc_nano.a(libc_a-lseekr.o)
 .debug_frame   0x00000000       0x2c /usr/lib/gcc/arm-none-eabi/13.2.1/../../../arm-none-eabi/lib/thumb/v7e-m/nofp/libc_nano.a(libc_a-lseekr.o)
 .ARM.attributes
                0x00000000       0x2e /usr/lib/gcc/arm-none-eabi/13.2.1/../../../arm-none-eabi/lib/thumb/v7e-m/nofp/libc_nano.a(libc_a-lseekr.o)
 .text          0x00000000       0x2c /usr/lib/gcc/arm-none-eabi/13.2.1/../../../arm-none-eabi/lib/thumb/v7e-m/nofp/libc_nano.a(libc_a-writer.o)
 .data          0x00000000        0x0 /usr/lib/gcc/arm-none-eabi/13.2.1/../../../arm-none-eabi/lib/thumb/v7e-m/nofp/libc_nano.a(libc_a-writer.o)
 .bss           0x00000000        0x0 /usr/lib/gcc/arm-none-eabi/13.2.1/../../../arm-none-eabi/lib/thumb/v7e-m/nofp/libc_nano.a(libc_a-writer.o)
 .debug_info    0x00000000      0x7bb /usr/lib/gcc/arm-none-eabi/13.2.1/../../../arm-none-eabi/lib/thumb/v7e-m/nofp/libc_nano.a(libc_a-writer.o)
 .debug_abbrev  0x00000000      0x1b5 /usr/lib/gcc/arm-none-eabi/13.2.1/../../../arm-none-eabi/lib/thumb/v7e-m/nofp/libc_nano.a(libc_a-writer.o)
 .debug_loclists
                0x00000000       0x9e /usr/lib/gcc/arm-none-eabi/13.2.1/../../../arm-none-eabi/lib/thumb/v7e-m/nofp/libc_nano.a(libc_a-writer.o)
 .debug_aranges
                0x00000000       0x20 /usr/lib/gcc/arm-none-eabi/13.2.1/../../../arm-none-eabi/lib/thumb/v7e-m/nofp/libc_nano.a(libc_a-writer.o)
 .debug_line    0x00000000      0x199 /usr/lib/gcc/arm-none-eabi/13.2.1/../../../arm-none-eabi/lib/thumb/v7e-m/nofp/libc_nano.a(libc_a-writer.o)
 .debug_str     0x00000000      0x4bc /usr/lib/gcc/arm-none-eabi/13.2.1/../../../arm-none-eabi/lib/thumb/v7e-m/nofp/libc_nano.a(libc_a-writer.o)
 .comment       0x00000000       0x27 /usr/lib/gcc/arm-none-eabi/13.2.1/../../../arm-none-eabi/lib/thumb/v7e-m/nofp/libc_nano.a(libc_a-writer.o)
 .debug_frame   0x00000000       0x2c /usr/lib/gcc/arm-none-eabi/13.2.1/../../../arm-none-eabi/lib/thumb/v7e-m/nofp/libc_nano.a(libc_a-writer.o)
 .ARM.attributes
                0x00000000       0x2e /usr/lib/gcc/arm-none-eabi/13.2.1/../../../arm-none-eabi/lib/thumb/v7e-m/nofp/libc_nano.a(libc_a-writer.o)
 .text          0x00000000        0x0 ../Build/App/Src/App.o
 .data          0x00000000        0x0 ../Build/App/Src/App.o
 .bss           0x00000000        0x0 ../Build/App/Src/App.o
 .text          0x00000000        0x0 ../Build/App/Src/Main.o
 .data          0x00000000        0x0 ../Build/App/Src/Main.o
 .bss           0x00000000        0x0 ../Build/App/Src/Main.o
 .text          0x00000000        0x0 ../Build/App/Src/Startup.o
 .data          0x00000000        0x0 ../Build/App/Src/Startup.o
 .bss           0x00000000        0x0 ../Build/App/Src/Startup.o
 .text          0x00000000        0x0 ../Build/App/Src/Syscalls.o
 .data          0x00000000        0x0 ../Build/App/Src/Syscalls.o
 .bss           0x00000000        0x0 ../Build/App/Src/Syscalls.o
 .text._write   0x00000000       0x4a ../Build/App/Src/Syscalls.o
 .text._fstat   0x00000000       0x1e ../Build/App/Src/Syscalls.o
 .text._close   0x00000000       0x16 ../Build/App/Src/Syscalls.o
 .text._isatty  0x00000000       0x14 ../Build/App/Src/Syscalls.o
 .text._lseek   0x00000000       0x18 ../Build/App/Src/Syscalls.o
 .text._read    0x00000000       0x1a ../Build/App/Src/Syscalls.o
 .text._sbrk    0x00000000       0x2c ../Build/App/Src/Syscalls.o
 .data.heap.0   0x00000000        0x4 ../Build/App/Src/Syscalls.o
 .debug_info    0x00000000      0x44c ../Build/App/Src/Syscalls.o
 .debug_abbrev  0x00000000      0x137 ../Build/App/Src/Syscalls.o
 .debug_aranges
                0x00000000       0x50 ../Build/App/Src/Syscalls.o
 .debug_rnglists
                0x00000000       0x37 ../Build/App/Src/Syscalls.o
 .debug_line    0x00000000      0x1c0 ../Build/App/Src/Syscalls.o
 .debug_str     0x00000000      0x30b ../Build/App/Src/Syscalls.o
 .comment       0x00000000       0x27 ../Build/App/Src/Syscalls.o
 .debug_frame   0x00000000      0x124 ../Build/App/Src/Syscalls.o
 .ARM.attributes
                0x00000000       0x2e ../Build/App/Src/Syscalls.o
 .text          0x00000000        0x0 ../Build/Drivers/Src/Gpio.o
 .data          0x00000000        0x0 ../Build/Drivers/Src/Gpio.o
 .bss           0x00000000        0x0 ../Build/Drivers/Src/Gpio.o
 .text.GPIO_Clock_Disable
                0x00000000       0x40 ../Build/Drivers/Src/Gpio.o
 .text.GPIO_WritePort
                0x00000000       0x24 ../Build/Drivers/Src/Gpio.o
 .text.GPIO_SetPort
                0x00000000       0x24 ../Build/Drivers/Src/Gpio.o
 .text.GPIO_ReadPort
                0x00000000       0x22 ../Build/Drivers/Src/Gpio.o
 .text.GPIO_ResetPort
                0x00000000       0x26 ../Build/Drivers/Src/Gpio.o
 .text          0x00000000        0x0 ../Build/Drivers/Src/SysTick.o
 .data          0x00000000        0x0 ../Build/Drivers/Src/SysTick.o
 .bss           0x00000000        0x0 ../Build/Drivers/Src/SysTick.o
 .text.SysTick_Start
                0x00000000       0x1c ../Build/Drivers/Src/SysTick.o
 .text.SysTick_Stop
                0x00000000       0x1c ../Build/Drivers/Src/SysTick.o
 .text.SysTick_GetTimeSec
                0x00000000       0x1c ../Build/Drivers/Src/SysTick.o
 .text.Delay_Ms
                0x00000000       0x30 ../Build/Drivers/Src/SysTick.o
 .text.SysTick_Elapsed
                0x00000000       0x2c ../Build/Drivers/Src/SysTick.o
 .text          0x00000000        0x0 ../Build/Drivers/Src/Usart.o
 .data          0x00000000        0x0 ../Build/Drivers/Src/Usart.o
 .bss           0x00000000        0x0 ../Build/Drivers/Src/Usart.o
 .debug_line    0x00000000        0x0 ../Build/Drivers/Src/Usart.o
 .debug_str     0x00000000       0xd7 ../Build/Drivers/Src/Usart.o
 .comment       0x00000000       0x27 ../Build/Drivers/Src/Usart.o
 .ARM.attributes
                0x00000000       0x2e ../Build/Drivers/Src/Usart.o
 .text          0x00000000        0x0 ../Build/Common/Src/Button.o
 .data          0x00000000        0x0 ../Build/Common/Src/Button.o
 .bss           0x00000000        0x0 ../Build/Common/Src/Button.o
 .text          0x00000000        0x0 ../Build/Common/Src/Led.o
 .data          0x00000000        0x0 ../Build/Common/Src/Led.o
 .bss           0x00000000        0x0 ../Build/Common/Src/Led.o
 .text.Led_DeInitAllLeds
                0x00000000       0x2a ../Build/Common/Src/Led.o
 .text          0x00000000        0x0 ../Build/Modules/Led_fsm.o
 .data          0x00000000        0x0 ../Build/Modules/Led_fsm.o
 .bss           0x00000000        0x0 ../Build/Modules/Led_fsm.o
 .text          0x00000000        0x4 /usr/lib/gcc/arm-none-eabi/13.2.1/../../../arm-none-eabi/lib/thumb/v7e-m/nofp/libnosys.a(_exit.o)
 .data          0x00000000        0x0 /usr/lib/gcc/arm-none-eabi/13.2.1/../../../arm-none-eabi/lib/thumb/v7e-m/nofp/libnosys.a(_exit.o)
 .bss           0x00000000        0x0 /usr/lib/gcc/arm-none-eabi/13.2.1/../../../arm-none-eabi/lib/thumb/v7e-m/nofp/libnosys.a(_exit.o)
 .debug_info    0x00000000       0xa4 /usr/lib/gcc/arm-none-eabi/13.2.1/../../../arm-none-eabi/lib/thumb/v7e-m/nofp/libnosys.a(_exit.o)
 .debug_abbrev  0x00000000       0x69 /usr/lib/gcc/arm-none-eabi/13.2.1/../../../arm-none-eabi/lib/thumb/v7e-m/nofp/libnosys.a(_exit.o)
 .debug_loclists
                0x00000000       0x14 /usr/lib/gcc/arm-none-eabi/13.2.1/../../../arm-none-eabi/lib/thumb/v7e-m/nofp/libnosys.a(_exit.o)
 .debug_aranges
                0x00000000       0x20 /usr/lib/gcc/arm-none-eabi/13.2.1/../../../arm-none-eabi/lib/thumb/v7e-m/nofp/libnosys.a(_exit.o)
 .debug_line    0x00000000       0x61 /usr/lib/gcc/arm-none-eabi/13.2.1/../../../arm-none-eabi/lib/thumb/v7e-m/nofp/libnosys.a(_exit.o)
 .debug_str     0x00000000      0x163 /usr/lib/gcc/arm-none-eabi/13.2.1/../../../arm-none-eabi/lib/thumb/v7e-m/nofp/libnosys.a(_exit.o)
 .comment       0x00000000       0x27 /usr/lib/gcc/arm-none-eabi/13.2.1/../../../arm-none-eabi/lib/thumb/v7e-m/nofp/libnosys.a(_exit.o)
 .debug_frame   0x00000000       0x20 /usr/lib/gcc/arm-none-eabi/13.2.1/../../../arm-none-eabi/lib/thumb/v7e-m/nofp/libnosys.a(_exit.o)
 .ARM.attributes
                0x00000000       0x2e /usr/lib/gcc/arm-none-eabi/13.2.1/../../../arm-none-eabi/lib/thumb/v7e-m/nofp/libnosys.a(_exit.o)
 .text          0x00000000        0x0 /usr/lib/gcc/arm-none-eabi/13.2.1/thumb/v7e-m/nofp/crtend.o
 .data          0x00000000        0x0 /usr/lib/gcc/arm-none-eabi/13.2.1/thumb/v7e-m/nofp/crtend.o
 .bss           0x00000000        0x0 /usr/lib/gcc/arm-none-eabi/13.2.1/thumb/v7e-m/nofp/crtend.o
 .rodata        0x00000000       0x24 /usr/lib/gcc/arm-none-eabi/13.2.1/thumb/v7e-m/nofp/crtend.o
 .eh_frame      0x00000000        0x4 /usr/lib/gcc/arm-none-eabi/13.2.1/thumb/v7e-m/nofp/crtend.o
 .tm_clone_table
                0x00000000        0x0 /usr/lib/gcc/arm-none-eabi/13.2.1/thumb/v7e-m/nofp/crtend.o
 .comment       0x00000000       0x27 /usr/lib/gcc/arm-none-eabi/13.2.1/thumb/v7e-m/nofp/crtend.o
 .ARM.attributes
                0x00000000       0x2e /usr/lib/gcc/arm-none-eabi/13.2.1/thumb/v7e-m/nofp/crtend.o
 .text          0x00000000        0x0 /usr/lib/gcc/arm-none-eabi/13.2.1/thumb/v7e-m/nofp/crtn.o
 .data          0x00000000        0x0 /usr/lib/gcc/arm-none-eabi/13.2.1/thumb/v7e-m/nofp/crtn.o
 .bss           0x00000000        0x0 /usr/lib/gcc/arm-none-eabi/13.2.1/thumb/v7e-m/nofp/crtn.o
 .init          0x00000000        0x8 /usr/lib/gcc/arm-none-eabi/13.2.1/thumb/v7e-m/nofp/crtn.o
 .fini          0x00000000        0x8 /usr/lib/gcc/arm-none-eabi/13.2.1/thumb/v7e-m/nofp/crtn.o
 .ARM.attributes
                0x00000000       0x1e /usr/lib/gcc/arm-none-eabi/13.2.1/thumb/v7e-m/nofp/crtn.o

Memory Configuration

Name             Origin             Length             Attributes
FLASH            0x08000000         0x00100000         xr
SRAM             0x20000000         0x00018000         xrw
*default*        0x00000000         0xffffffff

Linker script and memory map

LOAD /usr/lib/gcc/arm-none-eabi/13.2.1/thumb/v7e-m/nofp/crti.o
LOAD /usr/lib/gcc/arm-none-eabi/13.2.1/thumb/v7e-m/nofp/crtbegin.o
LOAD /usr/lib/gcc/arm-none-eabi/13.2.1/../../../arm-none-eabi/lib/thumb/v7e-m/nofp/crt0.o
START GROUP
LOAD /usr/lib/gcc/arm-none-eabi/13.2.1/../../../arm-none-eabi/lib/thumb/v7e-m/nofp/libc_nano.a
LOAD /usr/lib/gcc/arm-none-eabi/13.2.1/../../../arm-none-eabi/lib/thumb/v7e-m/nofp/libm.a
END GROUP
LOAD ../Build/App/Src/App.o
LOAD ../Build/App/Src/Main.o
LOAD ../Build/App/Src/Startup.o
LOAD ../Build/App/Src/Syscalls.o
LOAD ../Build/Drivers/Src/Gpio.o
LOAD ../Build/Drivers/Src/SysTick.o
LOAD ../Build/Drivers/Src/Usart.o
LOAD ../Build/Common/Src/Button.o
LOAD ../Build/Common/Src/Led.o
LOAD ../Build/Modules/Led_fsm.o
START GROUP
LOAD /usr/lib/gcc/arm-none-eabi/13.2.1/thumb/v7e-m/nofp/libgcc.a
LOAD /usr/lib/gcc/arm-none-eabi/13.2.1/../../../arm-none-eabi/lib/thumb/v7e-m/nofp/libg_nano.a
LOAD /usr/lib/gcc/arm-none-eabi/13.2.1/../../../arm-none-eabi/lib/thumb/v7e-m/nofp/libc_nano.a
END GROUP
START GROUP
LOAD /usr/lib/gcc/arm-none-eabi/13.2.1/thumb/v7e-m/nofp/libgcc.a
LOAD /usr/lib/gcc/arm-none-eabi/13.2.1/../../../arm-none-eabi/lib/thumb/v7e-m/nofp/libc_nano.a
LOAD /usr/lib/gcc/arm-none-eabi/13.2.1/../../../arm-none-eabi/lib/thumb/v7e-m/nofp/libnosys.a
END GROUP
START GROUP
LOAD /usr/lib/gcc/arm-none-eabi/13.2.1/thumb/v7e-m/nofp/libgcc.a
LOAD /usr/lib/gcc/arm-none-eabi/13.2.1/../../../arm-none-eabi/lib/thumb/v7e-m/nofp/libc_nano.a
LOAD /usr/lib/gcc/arm-none-eabi/13.2.1/../../../arm-none-eabi/lib/thumb/v7e-m/nofp/libnosys.a
END GROUP
LOAD /usr/lib/gcc/arm-none-eabi/13.2.1/thumb/v7e-m/nofp/crtend.o
LOAD /usr/lib/gcc/arm-none-eabi/13.2.1/thumb/v7e-m/nofp/crtn.o

.vectors        0x08000000       0x40
                0x08000000                        . = ALIGN (0x4)
 *(.vectors)
 .vectors       0x08000000       0x40 ../Build/App/Src/Startup.o
                0x08000000                vectors
                0x08000040                        . = ALIGN (0x4)

.text           0x08000040      0x8a8
                0x08000040                        . = ALIGN (0x4)
 *(.text*)
 .text.App_Init
                0x08000040       0x1e ../Build/App/Src/App.o
                0x08000040                App_Init
 .text.Led_Task
                0x0800005e       0x1a ../Build/App/Src/App.o
 .text.Button_Task
                0x08000078       0x54 ../Build/App/Src/App.o
 .text.App_Task
                0x080000cc       0x10 ../Build/App/Src/App.o
                0x080000cc                App_Task
 .text.main     0x080000dc        0xe ../Build/App/Src/Main.o
                0x080000dc                main
 *fill*         0x080000ea        0x2 
 .text.Reset_Handler
                0x080000ec       0x60 ../Build/App/Src/Startup.o
                0x080000ec                Reset_Handler
 .text.Default_Handler
                0x0800014c        0x8 ../Build/App/Src/Startup.o
                0x0800014c                SVCall_Handler
                0x0800014c                HardFault_Handler
                0x0800014c                PendSV_Handler
                0x0800014c                NMI_Handler
                0x0800014c                UsageFault_Handler
                0x0800014c                Default_Handler
                0x0800014c                MemManage_Handler
                0x0800014c                BusFault_Handler
                0x0800014c                DebugMonitor_Handler
 .text.GPIO_Clock_Enable
                0x08000154       0x3c ../Build/Drivers/Src/Gpio.o
                0x08000154                GPIO_Clock_Enable
 .text.GPIO_SetPin
                0x08000190       0x20 ../Build/Drivers/Src/Gpio.o
                0x08000190                GPIO_SetPin
 .text.GPIO_ResetPin
                0x080001b0       0x22 ../Build/Drivers/Src/Gpio.o
                0x080001b0                GPIO_ResetPin
 .text.GPIO_TogglePin
                0x080001d2       0x4c ../Build/Drivers/Src/Gpio.o
                0x080001d2                GPIO_TogglePin
 .text.GPIO_SetPinMode
                0x0800021e       0x5e ../Build/Drivers/Src/Gpio.o
                0x0800021e                GPIO_SetPinMode
 .text.GPIO_WritePin
                0x0800027c       0x42 ../Build/Drivers/Src/Gpio.o
                0x0800027c                GPIO_WritePin
 .text.GPIO_ReadPin
                0x080002be       0x3e ../Build/Drivers/Src/Gpio.o
                0x080002be                GPIO_ReadPin
 .text.GPIO_SetPinPull
                0x080002fc       0x5e ../Build/Drivers/Src/Gpio.o
                0x080002fc                GPIO_SetPinPull
 .text.GPIO_SetPinAF
                0x0800035a       0x82 ../Build/Drivers/Src/Gpio.o
                0x0800035a                GPIO_SetPinAF
 .text.GPIO_SetPinOutputSpeed
                0x080003dc       0x5e ../Build/Drivers/Src/Gpio.o
                0x080003dc                GPIO_SetPinOutputSpeed
 .text.GPIO_SetPinOutputType
                0x0800043a       0x5c ../Build/Drivers/Src/Gpio.o
                0x0800043a                GPIO_SetPinOutputType
 .text.GPIO_Init
                0x08000496       0xa2 ../Build/Drivers/Src/Gpio.o
                0x08000496                GPIO_Init
 .text.SysTick_Init
                0x08000538       0x3c ../Build/Drivers/Src/SysTick.o
                0x08000538                SysTick_Init
 .text.SysTick_Handler
                0x08000574       0x1c ../Build/Drivers/Src/SysTick.o
                0x08000574                SysTick_Handler
 .text.SysTick_GetTick
                0x08000590       0x1c ../Build/Drivers/Src/SysTick.o
                0x08000590                SysTick_GetTick
 .text.SysTick_GetTimeMs
                0x080005ac        0xe ../Build/Drivers/Src/SysTick.o
                0x080005ac                SysTick_GetTimeMs
 *fill*         0x080005ba        0x2 
 .text.Btn_Init
                0x080005bc       0x48 ../Build/Common/Src/Button.o
                0x080005bc                Btn_Init
 .text.Btn_Read
                0x08000604       0x48 ../Build/Common/Src/Button.o
                0x08000604                Btn_Read
 .text.Led_Init
                0x0800064c       0x58 ../Build/Common/Src/Led.o
                0x0800064c                Led_Init
 .text.Led_InitAllLeds
                0x080006a4       0x2a ../Build/Common/Src/Led.o
                0x080006a4                Led_InitAllLeds
 .text.Led_Write
                0x080006ce       0x52 ../Build/Common/Src/Led.o
 .text.Led_On   0x08000720       0x30 ../Build/Common/Src/Led.o
                0x08000720                Led_On
 .text.Led_Off  0x08000750       0x30 ../Build/Common/Src/Led.o
                0x08000750                Led_Off
 .text.Led_Toggle
                0x08000780       0x38 ../Build/Common/Src/Led.o
                0x08000780                Led_Toggle
 .text.LedFsm_Init
                0x080007b8       0x20 ../Build/Modules/Led_fsm.o
                0x080007b8                LedFsm_Init
 .text.LedFsm_EventHandle
                0x080007d8       0x30 ../Build/Modules/Led_fsm.o
                0x080007d8                LedFsm_EventHandle
 .text.LedFsm_Update
                0x08000808       0x8c ../Build/Modules/Led_fsm.o
                0x08000808                LedFsm_Update
 .text.LedFsm_NextState
                0x08000894       0x34 ../Build/Modules/Led_fsm.o
                0x08000894                LedFsm_NextState
 *(.rodata*)
 .rodata.Btn    0x080008c8       0x10 ../Build/Common/Src/Button.o
 .rodata.Led    0x080008d8       0x10 ../Build/Common/Src/Led.o
                0x080008e8                        . = ALIGN (0x4)
                0x080008e8                        _etext = .

.glue_7         0x080008e8        0x0
 .glue_7        0x080008e8        0x0 linker stubs

.glue_7t        0x080008e8        0x0
 .glue_7t       0x080008e8        0x0 linker stubs

.vfp11_veneer   0x080008e8        0x0
 .vfp11_veneer  0x080008e8        0x0 linker stubs

.v4_bx          0x080008e8        0x0
 .v4_bx         0x080008e8        0x0 linker stubs

.init           0x080008e8        0x4
 .init          0x080008e8        0x4 /usr/lib/gcc/arm-none-eabi/13.2.1/thumb/v7e-m/nofp/crti.o
                0x080008e8                _init

.fini           0x080008ec        0x4
 .fini          0x080008ec        0x4 /usr/lib/gcc/arm-none-eabi/13.2.1/thumb/v7e-m/nofp/crti.o
                0x080008ec                _fini

.iplt           0x080008f0        0x0
 .iplt          0x080008f0        0x0 ../Build/App/Src/App.o

.rel.dyn        0x080008f0        0x0
 .rel.iplt      0x080008f0        0x0 ../Build/App/Src/App.o

.data           0x20000000        0x0 load address 0x080008f0
                0x20000000                        . = ALIGN (0x4)
                0x20000000                        _sdata = .
 *(.data*)
                0x20000000                        . = ALIGN (0x4)
                0x20000000                        _edata = .

.igot.plt       0x20000000        0x0 load address 0x080008f0
 .igot.plt      0x20000000        0x0 ../Build/App/Src/App.o

.bss            0x20000000       0x14 load address 0x080008f0
                0x20000000                        _sbss = .
 *(.bss*)
 .bss.last_btn_state.1
                0x20000000        0x1 ../Build/App/Src/App.o
 *fill*         0x20000001        0x3 
 .bss.btn_press_counter.0
                0x20000004        0x4 ../Build/App/Src/App.o
 .bss.systick_ms
                0x20000008        0x4 ../Build/Drivers/Src/SysTick.o
                0x20000008                systick_ms
 .bss.current_state
                0x2000000c        0x1 ../Build/Modules/Led_fsm.o
 *fill*         0x2000000d        0x3 
 .bss.last_toggle
                0x20000010        0x4 ../Build/Modules/Led_fsm.o
 *(COMMON)
                0x20000014                        . = ALIGN (0x4)
                0x20000014                        _ebss = .
                0x20000014                        _end = .
                0x20018000                        _esram = (ORIGIN (SRAM) + LENGTH (SRAM))
OUTPUT(../Build/firmware.elf elf32-littlearm)
LOAD linker stubs

.ARM.attributes
                0x00000000       0x2a
 .ARM.attributes
                0x00000000       0x1e /usr/lib/gcc/arm-none-eabi/13.2.1/thumb/v7e-m/nofp/crti.o
 .ARM.attributes
                0x0000001e       0x2e ../Build/App/Src/App.o
 .ARM.attributes
                0x0000004c       0x2e ../Build/App/Src/Main.o
 .ARM.attributes
                0x0000007a       0x2e ../Build/App/Src/Startup.o
 .ARM.attributes
                0x000000a8       0x2e ../Build/Drivers/Src/Gpio.o
 .ARM.attributes
                0x000000d6       0x2e ../Build/Drivers/Src/SysTick.o
 .ARM.attributes
                0x00000104       0x2e ../Build/Common/Src/Button.o
 .ARM.attributes
                0x00000132       0x2e ../Build/Common/Src/Led.o
 .ARM.attributes
                0x00000160       0x2e ../Build/Modules/Led_fsm.o

.comment        0x00000000       0x26
 .comment       0x00000000       0x26 ../Build/App/Src/App.o
                                 0x27 (size before relaxing)
 .comment       0x00000026       0x27 ../Build/App/Src/Main.o
 .comment       0x00000026       0x27 ../Build/App/Src/Startup.o
 .comment       0x00000026       0x27 ../Build/Drivers/Src/Gpio.o
 .comment       0x00000026       0x27 ../Build/Drivers/Src/SysTick.o
 .comment       0x00000026       0x27 ../Build/Common/Src/Button.o
 .comment       0x00000026       0x27 ../Build/Common/Src/Led.o
 .comment       0x00000026       0x27 ../Build/Modules/Led_fsm.o

.debug_info     0x00000000     0x198e
 .debug_info    0x00000000      0x20d ../Build/App/Src/App.o
 .debug_info    0x0000020d       0x50 ../Build/App/Src/Main.o
 .debug_info    0x0000025d      0x16a ../Build/App/Src/Startup.o
 .debug_info    0x000003c7      0x83f ../Build/Drivers/Src/Gpio.o
 .debug_info    0x00000c06      0x1f2 ../Build/Drivers/Src/SysTick.o
 .debug_info    0x00000df8      0x495 ../Build/Common/Src/Button.o
 .debug_info    0x0000128d      0x532 ../Build/Common/Src/Led.o
 .debug_info    0x000017bf      0x1cf ../Build/Modules/Led_fsm.o

.debug_abbrev   0x00000000      0x8d5
 .debug_abbrev  0x00000000       0xfd ../Build/App/Src/App.o
 .debug_abbrev  0x000000fd       0x4f ../Build/App/Src/Main.o
 .debug_abbrev  0x0000014c       0xf9 ../Build/App/Src/Startup.o
 .debug_abbrev  0x00000245      0x1c3 ../Build/Drivers/Src/Gpio.o
 .debug_abbrev  0x00000408      0x146 ../Build/Drivers/Src/SysTick.o
 .debug_abbrev  0x0000054e      0x13f ../Build/Common/Src/Button.o
 .debug_abbrev  0x0000068d      0x176 ../Build/Common/Src/Led.o
 .debug_abbrev  0x00000803       0xd2 ../Build/Modules/Led_fsm.o

.debug_aranges  0x00000000      0x230
 .debug_aranges
                0x00000000       0x38 ../Build/App/Src/App.o
 .debug_aranges
                0x00000038       0x20 ../Build/App/Src/Main.o
 .debug_aranges
                0x00000058       0x28 ../Build/App/Src/Startup.o
 .debug_aranges
                0x00000080       0xa0 ../Build/Drivers/Src/Gpio.o
 .debug_aranges
                0x00000120       0x60 ../Build/Drivers/Src/SysTick.o
 .debug_aranges
                0x00000180       0x28 ../Build/Common/Src/Button.o
 .debug_aranges
                0x000001a8       0x50 ../Build/Common/Src/Led.o
 .debug_aranges
                0x000001f8       0x38 ../Build/Modules/Led_fsm.o

.debug_rnglists
                0x00000000      0x17f
 .debug_rnglists
                0x00000000       0x25 ../Build/App/Src/App.o
 .debug_rnglists
                0x00000025       0x13 ../Build/App/Src/Main.o
 .debug_rnglists
                0x00000038       0x19 ../Build/App/Src/Startup.o
 .debug_rnglists
                0x00000051       0x75 ../Build/Drivers/Src/Gpio.o
 .debug_rnglists
                0x000000c6       0x43 ../Build/Drivers/Src/SysTick.o
 .debug_rnglists
                0x00000109       0x19 ../Build/Common/Src/Button.o
 .debug_rnglists
                0x00000122       0x37 ../Build/Common/Src/Led.o
 .debug_rnglists
                0x00000159       0x26 ../Build/Modules/Led_fsm.o

.debug_line     0x00000000      0xc42
 .debug_line    0x00000000      0x141 ../Build/App/Src/App.o
 .debug_line    0x00000141       0x5f ../Build/App/Src/Main.o
 .debug_line    0x000001a0       0xcb ../Build/App/Src/Startup.o
 .debug_line    0x0000026b      0x418 ../Build/Drivers/Src/Gpio.o
 .debug_line    0x00000683      0x1a9 ../Build/Drivers/Src/SysTick.o
 .debug_line    0x0000082c      0x10b ../Build/Common/Src/Button.o
 .debug_line    0x00000937      0x1d2 ../Build/Common/Src/Led.o
 .debug_line    0x00000b09      0x139 ../Build/Modules/Led_fsm.o

.debug_str      0x00000000      0xb4d
 .debug_str     0x00000000      0xb4d ../Build/App/Src/App.o
                                0x2f3 (size before relaxing)
 .debug_str     0x00000b4d       0xe9 ../Build/App/Src/Main.o
 .debug_str     0x00000b4d      0x1cc ../Build/App/Src/Startup.o
 .debug_str     0x00000b4d      0x60a ../Build/Drivers/Src/Gpio.o
 .debug_str     0x00000b4d      0x24e ../Build/Drivers/Src/SysTick.o
 .debug_str     0x00000b4d      0x4c4 ../Build/Common/Src/Button.o
 .debug_str     0x00000b4d      0x4e0 ../Build/Common/Src/Led.o
 .debug_str     0x00000b4d      0x2f0 ../Build/Modules/Led_fsm.o

.debug_frame    0x00000000      0x6f4
 .debug_frame   0x00000000       0x90 ../Build/App/Src/App.o
 .debug_frame   0x00000090       0x2c ../Build/App/Src/Main.o
 .debug_frame   0x000000bc       0x48 ../Build/App/Src/Startup.o
 .debug_frame   0x00000104      0x2ac ../Build/Drivers/Src/Gpio.o
 .debug_frame   0x000003b0      0x148 ../Build/Drivers/Src/SysTick.o
 .debug_frame   0x000004f8       0x58 ../Build/Common/Src/Button.o
 .debug_frame   0x00000550      0x10c ../Build/Common/Src/Led.o
 .debug_frame   0x0000065c       0x98 ../Build/Modules/Led_fsm.o
